RUNTIME ERROR: Object assertion failed.
	error.invariant.equality.jsonnet:17:10-14	thunk <object_assert>
	std.jsonnet:981:54-57	thunk <a>
	std.jsonnet:981:54-65	function <anonymous>
	std.jsonnet:981:54-65	function <anonymous>
	std.jsonnet:985:21-32	
