RUNTIME ERROR: foo was not equal to bar
	error.obj_assert.fail2.jsonnet:20:32-64	thunk <object_assert>
	std.jsonnet:994:54-57	thunk <a>
	std.jsonnet:994:54-65	function <anonymous>
	std.jsonnet:994:54-65	function <anonymous>
	std.jsonnet:998:21-32	
