STATIC ERROR: error.text_block_eof.jsonnet:17:1: Unexpected EOF
