STATIC ERROR: error.import_not_literal.jsonnet:17:8-27: Computed imports are not allowed.
