RUNTIME ERROR: foobar
	error.inside_equals_object.jsonnet:18:22-35	object <b>
	std.jsonnet:994:62-65	thunk <b>
	std.jsonnet:994:54-65	function <anonymous>
	std.jsonnet:994:54-65	function <aux>
	std.jsonnet:997:29-44	function <anonymous>
	std.jsonnet:998:21-32	
