RUNTIME ERROR: Cannot test equality of functions
	std.jsonnet:913:17-41	function <anonymous>
	error.equality_function.jsonnet:17:1-31	
