RUNTIME ERROR: Couldn't open import "lib": .*
	error.import_folder.jsonnet:17:1-12	
