RUNTIME ERROR: Object assertion failed.
	error.obj_assert.fail1.jsonnet:20:23-28	thunk <object_assert>
	std.jsonnet:976:54-57	thunk <a>
	std.jsonnet:976:54-65	function <anonymous>
	std.jsonnet:976:54-65	function <anonymous>
	std.jsonnet:980:21-32	
